// Jest Snapshot v1, https://goo.gl/fbAQLP

exports[`should match localeOverrides snapshot 1`] = `
{
  "en": "en-US",
  "es": "es-ES",
  "es-MX": "es-419",
  "pt": "pt-BR",
  "zh": "zh-Hans",
  "zh-CN": "zh-Hans",
  "zh-HK": "zh-Hant",
  "zh-TW": "zh-Hant",
}
`;

exports[`should match locales snapshot 1`] = `
[
  "ar",
  "de",
  "en-US",
  "es-419",
  "es-ES",
  "fr",
  "it",
  "ja",
  "ko",
  "pl",
  "pt-BR",
  "ru",
  "th",
  "tr",
  "zh-Hans",
  "zh-Hant",
]
`;
